10.1.10.124 - - [02/Aug/2020:18:19:21 -0400] "GET / HTTP/1.1" 500 805 "-" "Mozilla/5.0 (X11; Linux x86_64) AppleWebKit/537.36 (KHTML, like Gecko) Chrome/80.0.3987.162 Safari/537.36"
10.1.10.124 - - [02/Aug/2020:18:19:21 -0400] "GET /favicon.ico HTTP/1.1" 500 805 "http://arthurshmidt.com/" "Mozilla/5.0 (X11; Linux x86_64) AppleWebKit/537.36 (KHTML, like Gecko) Chrome/80.0.3987.162 Safari/537.36"
10.1.10.124 - - [02/Aug/2020:18:20:12 -0400] "-" 408 0 "-" "-"
10.1.10.124 - - [02/Aug/2020:18:20:12 -0400] "-" 408 0 "-" "-"
10.1.10.124 - - [02/Aug/2020:18:34:00 -0400] "GET / HTTP/1.1" 500 805 "-" "Mozilla/5.0 (X11; Linux x86_64) AppleWebKit/537.36 (KHTML, like Gecko) Chrome/80.0.3987.162 Safari/537.36"
10.1.10.124 - - [02/Aug/2020:18:34:01 -0400] "GET /favicon.ico HTTP/1.1" 500 805 "http://arthurshmidt.com/" "Mozilla/5.0 (X11; Linux x86_64) AppleWebKit/537.36 (KHTML, like Gecko) Chrome/80.0.3987.162 Safari/537.36"
10.1.10.124 - - [02/Aug/2020:18:34:39 -0400] "GET / HTTP/1.1" 500 805 "-" "Mozilla/5.0 (X11; Linux x86_64) AppleWebKit/537.36 (KHTML, like Gecko) Chrome/80.0.3987.162 Safari/537.36"
10.1.10.124 - - [02/Aug/2020:18:34:40 -0400] "GET /favicon.ico HTTP/1.1" 500 805 "http://arthurshmidt.com/" "Mozilla/5.0 (X11; Linux x86_64) AppleWebKit/537.36 (KHTML, like Gecko) Chrome/80.0.3987.162 Safari/537.36"
10.1.10.124 - - [02/Aug/2020:18:34:44 -0400] "GET / HTTP/1.1" 500 805 "-" "Mozilla/5.0 (X11; Linux x86_64) AppleWebKit/537.36 (KHTML, like Gecko) Chrome/80.0.3987.162 Safari/537.36"
10.1.10.124 - - [02/Aug/2020:18:34:44 -0400] "GET /favicon.ico HTTP/1.1" 500 805 "http://arthurshmidt.com/" "Mozilla/5.0 (X11; Linux x86_64) AppleWebKit/537.36 (KHTML, like Gecko) Chrome/80.0.3987.162 Safari/537.36"
10.1.10.124 - - [02/Aug/2020:18:34:47 -0400] "GET / HTTP/1.1" 500 805 "-" "Mozilla/5.0 (X11; Linux x86_64) AppleWebKit/537.36 (KHTML, like Gecko) Chrome/80.0.3987.162 Safari/537.36"
10.1.10.124 - - [02/Aug/2020:18:34:47 -0400] "GET /favicon.ico HTTP/1.1" 500 805 "http://arthurshmidt.com/" "Mozilla/5.0 (X11; Linux x86_64) AppleWebKit/537.36 (KHTML, like Gecko) Chrome/80.0.3987.162 Safari/537.36"
10.1.10.124 - - [02/Aug/2020:18:34:49 -0400] "GET / HTTP/1.1" 500 805 "-" "Mozilla/5.0 (X11; Linux x86_64) AppleWebKit/537.36 (KHTML, like Gecko) Chrome/80.0.3987.162 Safari/537.36"
10.1.10.124 - - [02/Aug/2020:18:34:49 -0400] "GET /favicon.ico HTTP/1.1" 500 805 "http://arthurshmidt.com/" "Mozilla/5.0 (X11; Linux x86_64) AppleWebKit/537.36 (KHTML, like Gecko) Chrome/80.0.3987.162 Safari/537.36"
10.1.10.124 - - [02/Aug/2020:18:35:00 -0400] "GET / HTTP/1.1" 500 805 "-" "Mozilla/5.0 (X11; Linux x86_64) AppleWebKit/537.36 (KHTML, like Gecko) Chrome/80.0.3987.162 Safari/537.36"
10.1.10.124 - - [02/Aug/2020:18:35:01 -0400] "GET /favicon.ico HTTP/1.1" 500 805 "http://arthurshmidt.com/" "Mozilla/5.0 (X11; Linux x86_64) AppleWebKit/537.36 (KHTML, like Gecko) Chrome/80.0.3987.162 Safari/537.36"
62.171.189.221 - - [02/Aug/2020:18:53:36 -0400] "HEAD / HTTP/1.0" 500 171 "-" "-"
10.1.10.124 - - [02/Aug/2020:18:56:45 -0400] "GET / HTTP/1.1" 500 805 "-" "Mozilla/5.0 (X11; Linux x86_64) AppleWebKit/537.36 (KHTML, like Gecko) Chrome/80.0.3987.162 Safari/537.36"
10.1.10.124 - - [02/Aug/2020:18:56:46 -0400] "GET /favicon.ico HTTP/1.1" 500 805 "http://arthurshmidt.com/" "Mozilla/5.0 (X11; Linux x86_64) AppleWebKit/537.36 (KHTML, like Gecko) Chrome/80.0.3987.162 Safari/537.36"
10.1.10.124 - - [02/Aug/2020:18:59:25 -0400] "GET / HTTP/1.1" 500 805 "-" "Mozilla/5.0 (X11; Linux x86_64) AppleWebKit/537.36 (KHTML, like Gecko) Chrome/80.0.3987.162 Safari/537.36"
10.1.10.124 - - [02/Aug/2020:18:59:26 -0400] "GET /favicon.ico HTTP/1.1" 500 805 "http://arthurshmidt.com/" "Mozilla/5.0 (X11; Linux x86_64) AppleWebKit/537.36 (KHTML, like Gecko) Chrome/80.0.3987.162 Safari/537.36"
10.1.10.124 - - [02/Aug/2020:18:59:28 -0400] "GET / HTTP/1.1" 500 805 "-" "Mozilla/5.0 (X11; Linux x86_64) AppleWebKit/537.36 (KHTML, like Gecko) Chrome/80.0.3987.162 Safari/537.36"
10.1.10.124 - - [02/Aug/2020:18:59:28 -0400] "GET /favicon.ico HTTP/1.1" 500 805 "http://arthurshmidt.com/" "Mozilla/5.0 (X11; Linux x86_64) AppleWebKit/537.36 (KHTML, like Gecko) Chrome/80.0.3987.162 Safari/537.36"
10.1.10.124 - - [02/Aug/2020:18:59:29 -0400] "GET / HTTP/1.1" 500 805 "-" "Mozilla/5.0 (X11; Linux x86_64) AppleWebKit/537.36 (KHTML, like Gecko) Chrome/80.0.3987.162 Safari/537.36"
10.1.10.124 - - [02/Aug/2020:18:59:29 -0400] "GET /favicon.ico HTTP/1.1" 500 805 "http://arthurshmidt.com/" "Mozilla/5.0 (X11; Linux x86_64) AppleWebKit/537.36 (KHTML, like Gecko) Chrome/80.0.3987.162 Safari/537.36"
10.1.10.124 - - [02/Aug/2020:18:59:30 -0400] "GET / HTTP/1.1" 500 805 "-" "Mozilla/5.0 (X11; Linux x86_64) AppleWebKit/537.36 (KHTML, like Gecko) Chrome/80.0.3987.162 Safari/537.36"
10.1.10.124 - - [02/Aug/2020:18:59:30 -0400] "GET /favicon.ico HTTP/1.1" 500 805 "http://arthurshmidt.com/" "Mozilla/5.0 (X11; Linux x86_64) AppleWebKit/537.36 (KHTML, like Gecko) Chrome/80.0.3987.162 Safari/537.36"
10.1.10.124 - - [02/Aug/2020:18:59:30 -0400] "GET / HTTP/1.1" 500 805 "-" "Mozilla/5.0 (X11; Linux x86_64) AppleWebKit/537.36 (KHTML, like Gecko) Chrome/80.0.3987.162 Safari/537.36"
10.1.10.124 - - [02/Aug/2020:18:59:30 -0400] "GET /favicon.ico HTTP/1.1" 500 805 "http://arthurshmidt.com/" "Mozilla/5.0 (X11; Linux x86_64) AppleWebKit/537.36 (KHTML, like Gecko) Chrome/80.0.3987.162 Safari/537.36"
15.165.47.205 - - [02/Aug/2020:19:02:09 -0400] "GET /.git/HEAD HTTP/1.1" 500 809 "-" "curl/7.47.0"
172.58.190.235 - - [06/Aug/2020:12:39:05 -0400] "GET / HTTP/1.1" 500 805 "-" "Mozilla/5.0 (X11; Linux x86_64) AppleWebKit/537.36 (KHTML, like Gecko) Chrome/80.0.3987.162 Safari/537.36"
172.58.190.235 - - [06/Aug/2020:12:39:56 -0400] "-" 408 0 "-" "-"
172.58.190.235 - - [06/Aug/2020:12:39:56 -0400] "-" 408 0 "-" "-"
172.58.190.235 - - [06/Aug/2020:12:41:44 -0400] "GET / HTTP/1.1" 500 805 "-" "Mozilla/5.0 (X11; Linux x86_64) AppleWebKit/537.36 (KHTML, like Gecko) Chrome/80.0.3987.162 Safari/537.36"
172.58.190.235 - - [06/Aug/2020:12:42:36 -0400] "-" 408 0 "-" "-"
172.58.190.235 - - [06/Aug/2020:12:42:36 -0400] "-" 408 0 "-" "-"
66.249.69.147 - - [06/Aug/2020:12:49:57 -0400] "GET / HTTP/1.1" 500 805 "-" "Mozilla/5.0 (Linux; Android 6.0.1; Nexus 5X Build/MMB29P) AppleWebKit/537.36 (KHTML, like Gecko) Chrome/80.0.3987.92 Mobile Safari/537.36 (compatible; Googlebot/2.1; +http://www.google.com/bot.html)"
66.249.69.248 - - [06/Aug/2020:13:04:24 -0400] "GET /manual/ja/index.html HTTP/1.1" 200 3433 "-" "Mozilla/5.0 (Linux; Android 6.0.1; Nexus 5X Build/MMB29P) AppleWebKit/537.36 (KHTML, like Gecko) Chrome/80.0.3987.92 Mobile Safari/537.36 (compatible; Googlebot/2.1; +http://www.google.com/bot.html)"
66.249.69.248 - - [06/Aug/2020:13:07:52 -0400] "GET /manual/ja/expr.html HTTP/1.1" 200 9102 "-" "Mozilla/5.0 (Linux; Android 6.0.1; Nexus 5X Build/MMB29P) AppleWebKit/537.36 (KHTML, like Gecko) Chrome/80.0.3987.92 Mobile Safari/537.36 (compatible; Googlebot/2.1; +http://www.google.com/bot.html)"
66.249.69.250 - - [06/Aug/2020:13:11:18 -0400] "GET /manual/ja/suexec.html HTTP/1.1" 200 9653 "-" "Mozilla/5.0 (Linux; Android 6.0.1; Nexus 5X Build/MMB29P) AppleWebKit/537.36 (KHTML, like Gecko) Chrome/80.0.3987.92 Mobile Safari/537.36 (compatible; Googlebot/2.1; +http://www.google.com/bot.html)"
66.249.69.246 - - [06/Aug/2020:13:14:44 -0400] "GET /manual/ja/filter.html HTTP/1.1" 200 3399 "-" "Mozilla/5.0 (Linux; Android 6.0.1; Nexus 5X Build/MMB29P) AppleWebKit/537.36 (KHTML, like Gecko) Chrome/80.0.3987.92 Mobile Safari/537.36 (compatible; Googlebot/2.1; +http://www.google.com/bot.html)"
66.249.69.246 - - [06/Aug/2020:13:17:40 -0400] "GET /manual/ja/handler.html HTTP/1.1" 200 4758 "-" "Mozilla/5.0 (Linux; Android 6.0.1; Nexus 5X Build/MMB29P) AppleWebKit/537.36 (KHTML, like Gecko) Chrome/80.0.3987.92 Mobile Safari/537.36 (compatible; Googlebot/2.1; +http://www.google.com/bot.html)"
66.249.69.250 - - [06/Aug/2020:13:20:05 -0400] "GET /manual/ja/license.html HTTP/1.1" 200 5890 "-" "Mozilla/5.0 (Linux; Android 6.0.1; Nexus 5X Build/MMB29P) AppleWebKit/537.36 (KHTML, like Gecko) Chrome/80.0.3987.92 Mobile Safari/537.36 (compatible; Googlebot/2.1; +http://www.google.com/bot.html)"
66.249.69.248 - - [06/Aug/2020:14:12:27 -0400] "GET /manual/zh-cn/vhosts/examples.html HTTP/1.1" 200 6456 "-" "Mozilla/5.0 (Linux; Android 6.0.1; Nexus 5X Build/MMB29P) AppleWebKit/537.36 (KHTML, like Gecko) Chrome/80.0.3987.92 Mobile Safari/537.36 (compatible; Googlebot/2.1; +http://www.google.com/bot.html)"
71.6.232.9 - - [06/Aug/2020:14:12:53 -0400] "GET / HTTP/1.1" 500 800 "-" "Mozilla/5.0 (Windows NT 10.0; Win64; x64) AppleWebKit/537.36 (KHTML, like Gecko) Chrome/57.0.2987.133 Safari/537.36"
66.249.69.248 - - [06/Aug/2020:14:13:05 -0400] "GET /manual/zh-cn/vhosts/mass.html HTTP/1.1" 200 5779 "-" "Mozilla/5.0 (Linux; Android 6.0.1; Nexus 5X Build/MMB29P) AppleWebKit/537.36 (KHTML, like Gecko) Chrome/80.0.3987.92 Mobile Safari/537.36 (compatible; Googlebot/2.1; +http://www.google.com/bot.html)"
66.249.69.250 - - [06/Aug/2020:14:14:00 -0400] "GET /manual/zh-cn/vhosts/details.html HTTP/1.1" 200 6217 "-" "Mozilla/5.0 (Linux; Android 6.0.1; Nexus 5X Build/MMB29P) AppleWebKit/537.36 (KHTML, like Gecko) Chrome/80.0.3987.92 Mobile Safari/537.36 (compatible; Googlebot/2.1; +http://www.google.com/bot.html)"
66.249.69.246 - - [06/Aug/2020:14:14:52 -0400] "GET /manual/zh-cn/vhosts/ip-based.html HTTP/1.1" 200 4486 "-" "Mozilla/5.0 (Linux; Android 6.0.1; Nexus 5X Build/MMB29P) AppleWebKit/537.36 (KHTML, like Gecko) Chrome/80.0.3987.92 Mobile Safari/537.36 (compatible; Googlebot/2.1; +http://www.google.com/bot.html)"
66.249.69.246 - - [06/Aug/2020:14:15:46 -0400] "GET /manual/zh-cn/vhosts/name-based.html HTTP/1.1" 200 5203 "-" "Mozilla/5.0 (Linux; Android 6.0.1; Nexus 5X Build/MMB29P) AppleWebKit/537.36 (KHTML, like Gecko) Chrome/80.0.3987.92 Mobile Safari/537.36 (compatible; Googlebot/2.1; +http://www.google.com/bot.html)"
66.249.69.246 - - [06/Aug/2020:14:16:48 -0400] "GET /manual/zh-cn/mod/mod_vhost_alias.html HTTP/1.1" 200 5572 "-" "Mozilla/5.0 (Linux; Android 6.0.1; Nexus 5X Build/MMB29P) AppleWebKit/537.36 (KHTML, like Gecko) Chrome/80.0.3987.92 Mobile Safari/537.36 (compatible; Googlebot/2.1; +http://www.google.com/bot.html)"
66.249.69.248 - - [06/Aug/2020:14:17:31 -0400] "GET /manual/zh-cn/dns-caveats.html HTTP/1.1" 200 4435 "-" "Mozilla/5.0 (Linux; Android 6.0.1; Nexus 5X Build/MMB29P) AppleWebKit/537.36 (KHTML, like Gecko) Chrome/80.0.3987.92 Mobile Safari/537.36 (compatible; Googlebot/2.1; +http://www.google.com/bot.html)"
66.249.69.250 - - [06/Aug/2020:14:19:21 -0400] "GET /manual/zh-cn/mod/mod_unixd.html HTTP/1.1" 200 4160 "-" "Mozilla/5.0 (Linux; Android 6.0.1; Nexus 5X Build/MMB29P) AppleWebKit/537.36 (KHTML, like Gecko) Chrome/80.0.3987.92 Mobile Safari/537.36 (compatible; Googlebot/2.1; +http://www.google.com/bot.html)"
66.249.69.246 - - [06/Aug/2020:14:20:59 -0400] "GET /manual/zh-cn/suexec.html HTTP/1.1" 200 8806 "-" "Mozilla/5.0 (Linux; Android 6.0.1; Nexus 5X Build/MMB29P) AppleWebKit/537.36 (KHTML, like Gecko) Chrome/80.0.3987.92 Mobile Safari/537.36 (compatible; Googlebot/2.1; +http://www.google.com/bot.html)"
66.249.69.246 - - [06/Aug/2020:14:23:39 -0400] "GET /manual/zh-cn/mod/mod_suexec.html HTTP/1.1" 200 3056 "-" "Mozilla/5.0 (Linux; Android 6.0.1; Nexus 5X Build/MMB29P) AppleWebKit/537.36 (KHTML, like Gecko) Chrome/80.0.3987.92 Mobile Safari/537.36 (compatible; Googlebot/2.1; +http://www.google.com/bot.html)"
66.249.69.248 - - [06/Aug/2020:14:23:44 -0400] "GET /manual/tr/index.html HTTP/1.1" 200 3175 "-" "Mozilla/5.0 (Linux; Android 6.0.1; Nexus 5X Build/MMB29P) AppleWebKit/537.36 (KHTML, like Gecko) Chrome/80.0.3987.92 Mobile Safari/537.36 (compatible; Googlebot/2.1; +http://www.google.com/bot.html)"
128.14.209.242 - - [06/Aug/2020:14:24:36 -0400] "GET / HTTP/1.1" 500 800 "-" "Mozilla/5.0 (Windows NT 10.0; Win64; x64) AppleWebKit/537.36 (KHTML, like Gecko) Chrome/60.0.3112.113 Safari/537.36"
66.249.69.248 - - [06/Aug/2020:14:25:45 -0400] "GET /manual/zh-cn/mod/mod_userdir.html HTTP/1.1" 200 4267 "-" "Mozilla/5.0 (Linux; Android 6.0.1; Nexus 5X Build/MMB29P) AppleWebKit/537.36 (KHTML, like Gecko) Chrome/80.0.3987.92 Mobile Safari/537.36 (compatible; Googlebot/2.1; +http://www.google.com/bot.html)"
66.249.69.246 - - [06/Aug/2020:14:26:07 -0400] "GET /manual/fr/mod/mod_vhost_alias.html HTTP/1.1" 200 6113 "-" "Mozilla/5.0 (Linux; Android 6.0.1; Nexus 5X Build/MMB29P) AppleWebKit/537.36 (KHTML, like Gecko) Chrome/80.0.3987.92 Mobile Safari/537.36 (compatible; Googlebot/2.1; +http://www.google.com/bot.html)"
66.249.69.248 - - [06/Aug/2020:14:26:26 -0400] "GET /manual/zh-cn/mod/quickreference.html HTTP/1.1" 200 34581 "-" "Mozilla/5.0 (Linux; Android 6.0.1; Nexus 5X Build/MMB29P) AppleWebKit/537.36 (KHTML, like Gecko) Chrome/80.0.3987.92 Mobile Safari/537.36 (compatible; Googlebot/2.1; +http://www.google.com/bot.html)"
66.249.69.246 - - [06/Aug/2020:14:26:49 -0400] "GET /manual/zh-cn/mod/mod_privileges.html HTTP/1.1" 200 7161 "-" "Mozilla/5.0 (Linux; Android 6.0.1; Nexus 5X Build/MMB29P) AppleWebKit/537.36 (KHTML, like Gecko) Chrome/80.0.3987.92 Mobile Safari/537.36 (compatible; Googlebot/2.1; +http://www.google.com/bot.html)"
66.249.69.250 - - [06/Aug/2020:14:31:41 -0400] "GET /manual/en/mod/mod_userdir.html HTTP/1.1" 200 4267 "-" "Mozilla/5.0 (Linux; Android 6.0.1; Nexus 5X Build/MMB29P) AppleWebKit/537.36 (KHTML, like Gecko) Chrome/80.0.3987.92 Mobile Safari/537.36 (compatible; Googlebot/2.1; +http://www.google.com/bot.html)"
66.249.69.246 - - [06/Aug/2020:14:33:06 -0400] "GET /manual/tr/mod/mod_userdir.html HTTP/1.1" 200 4592 "-" "Mozilla/5.0 (Linux; Android 6.0.1; Nexus 5X Build/MMB29P) AppleWebKit/537.36 (KHTML, like Gecko) Chrome/80.0.3987.92 Mobile Safari/537.36 (compatible; Googlebot/2.1; +http://www.google.com/bot.html)"
66.249.69.250 - - [06/Aug/2020:14:34:30 -0400] "GET /manual/zh-cn/urlmapping.html HTTP/1.1" 200 7432 "-" "Mozilla/5.0 (Linux; Android 6.0.1; Nexus 5X Build/MMB29P) AppleWebKit/537.36 (KHTML, like Gecko) Chrome/80.0.3987.92 Mobile Safari/537.36 (compatible; Googlebot/2.1; +http://www.google.com/bot.html)"
66.249.69.248 - - [06/Aug/2020:14:34:37 -0400] "GET /manual/zh-cn/howto/public_html.html HTTP/1.1" 200 4140 "-" "Mozilla/5.0 (Linux; Android 6.0.1; Nexus 5X Build/MMB29P) AppleWebKit/537.36 (KHTML, like Gecko) Chrome/80.0.3987.92 Mobile Safari/537.36 (compatible; Googlebot/2.1; +http://www.google.com/bot.html)"
66.249.69.250 - - [06/Aug/2020:14:35:13 -0400] "GET /manual/zh-cn/mod/event.html HTTP/1.1" 200 9131 "-" "Mozilla/5.0 (Linux; Android 6.0.1; Nexus 5X Build/MMB29P) AppleWebKit/537.36 (KHTML, like Gecko) Chrome/80.0.3987.92 Mobile Safari/537.36 (compatible; Googlebot/2.1; +http://www.google.com/bot.html)"
66.249.69.246 - - [06/Aug/2020:14:35:47 -0400] "GET /manual/zh-cn/mod/mod_md.html HTTP/1.1" 200 10314 "-" "Mozilla/5.0 (Linux; Android 6.0.1; Nexus 5X Build/MMB29P) AppleWebKit/537.36 (KHTML, like Gecko) Chrome/80.0.3987.92 Mobile Safari/537.36 (compatible; Googlebot/2.1; +http://www.google.com/bot.html)"
66.249.69.248 - - [06/Aug/2020:14:36:15 -0400] "GET /manual/en/mod/mod_privileges.html HTTP/1.1" 200 7161 "-" "Mozilla/5.0 (Linux; Android 6.0.1; Nexus 5X Build/MMB29P) AppleWebKit/537.36 (KHTML, like Gecko) Chrome/80.0.3987.92 Mobile Safari/537.36 (compatible; Googlebot/2.1; +http://www.google.com/bot.html)"
66.249.69.248 - - [06/Aug/2020:14:36:38 -0400] "GET /manual/zh-cn/mod/mod_so.html HTTP/1.1" 200 4853 "-" "Mozilla/5.0 (Linux; Android 6.0.1; Nexus 5X Build/MMB29P) AppleWebKit/537.36 (KHTML, like Gecko) Chrome/80.0.3987.92 Mobile Safari/537.36 (compatible; Googlebot/2.1; +http://www.google.com/bot.html)"
66.249.69.248 - - [06/Aug/2020:14:39:04 -0400] "GET /manual/tr/urlmapping.html HTTP/1.1" 200 7924 "-" "Mozilla/5.0 (Linux; Android 6.0.1; Nexus 5X Build/MMB29P) AppleWebKit/537.36 (KHTML, like Gecko) Chrome/80.0.3987.92 Mobile Safari/537.36 (compatible; Googlebot/2.1; +http://www.google.com/bot.html)"
66.249.69.145 - - [06/Aug/2020:14:39:36 -0400] "GET /robots.txt HTTP/1.1" 500 805 "-" "Mozilla/5.0 (compatible; Googlebot/2.1; +http://www.google.com/bot.html)"
66.249.69.248 - - [06/Aug/2020:14:46:12 -0400] "GET /manual/fr/urlmapping.html HTTP/1.1" 200 8214 "-" "Mozilla/5.0 (Linux; Android 6.0.1; Nexus 5X Build/MMB29P) AppleWebKit/537.36 (KHTML, like Gecko) Chrome/80.0.3987.92 Mobile Safari/537.36 (compatible; Googlebot/2.1; +http://www.google.com/bot.html)"
195.54.160.21 - - [06/Aug/2020:15:02:45 -0400] "POST /api/jsonws/invoke HTTP/1.1" 500 800 "-" "Mozilla/5.0 (Windows NT 10.0; Win64; x64) AppleWebKit/537.36 (KHTML, like Gecko) Chrome/78.0.3904.108 Safari/537.36"
66.249.69.250 - - [06/Aug/2020:15:03:11 -0400] "GET /manual/fr/custom-error.html HTTP/1.1" 200 5343 "-" "Mozilla/5.0 (Linux; Android 6.0.1; Nexus 5X Build/MMB29P) AppleWebKit/537.36 (KHTML, like Gecko) Chrome/80.0.3987.92 Mobile Safari/537.36 (compatible; Googlebot/2.1; +http://www.google.com/bot.html)"
66.249.69.246 - - [06/Aug/2020:15:05:12 -0400] "GET /manual/fr/rewrite/index.html HTTP/1.1" 200 2961 "-" "Mozilla/5.0 (Linux; Android 6.0.1; Nexus 5X Build/MMB29P) AppleWebKit/537.36 (KHTML, like Gecko) Chrome/80.0.3987.92 Mobile Safari/537.36 (compatible; Googlebot/2.1; +http://www.google.com/bot.html)"
66.249.69.248 - - [06/Aug/2020:15:11:23 -0400] "GET /manual/fr/rewrite/rewritemap.html HTTP/1.1" 200 8527 "-" "Mozilla/5.0 (Linux; Android 6.0.1; Nexus 5X Build/MMB29P) AppleWebKit/537.36 (KHTML, like Gecko) Chrome/80.0.3987.92 Mobile Safari/537.36 (compatible; Googlebot/2.1; +http://www.google.com/bot.html)"
35.185.97.144 - - [06/Aug/2020:15:14:00 -0400] "GET /robots.txt HTTP/1.0" 500 809 "-" "ZoominfoBot (zoominfobot at zoominfo dot com)"
35.185.97.144 - - [06/Aug/2020:15:14:00 -0400] "GET / HTTP/1.0" 500 809 "-" "ZoominfoBot (zoominfobot at zoominfo dot com)"
66.249.69.246 - - [06/Aug/2020:15:15:00 -0400] "GET /manual/ko/custom-error.html HTTP/1.1" 200 4646 "-" "Mozilla/5.0 (Linux; Android 6.0.1; Nexus 5X Build/MMB29P) AppleWebKit/537.36 (KHTML, like Gecko) Chrome/80.0.3987.92 Mobile Safari/537.36 (compatible; Googlebot/2.1; +http://www.google.com/bot.html)"
66.249.69.250 - - [06/Aug/2020:15:28:07 -0400] "GET /manual/en/rewrite/rewritemap.html HTTP/1.1" 200 7627 "-" "Mozilla/5.0 (Linux; Android 6.0.1; Nexus 5X Build/MMB29P) AppleWebKit/537.36 (KHTML, like Gecko) Chrome/80.0.3987.92 Mobile Safari/537.36 (compatible; Googlebot/2.1; +http://www.google.com/bot.html)"
109.94.116.107 - - [06/Aug/2020:15:29:02 -0400] "GET / HTTP/1.1" 500 800 "-" "Mozilla/5.0 (Windows NT 10.0; WOW64) AppleWebKit/537.36 (KHTML, like Gecko) Chrome/52.0.2743.116 Safari/537.36"
35.185.97.144 - - [06/Aug/2020:15:32:37 -0400] "GET /robots.txt HTTP/1.0" 500 805 "-" "ZoominfoBot (zoominfobot at zoominfo dot com)"
35.185.97.144 - - [06/Aug/2020:15:32:37 -0400] "GET / HTTP/1.0" 500 805 "-" "ZoominfoBot (zoominfobot at zoominfo dot com)"
66.249.69.246 - - [06/Aug/2020:15:32:52 -0400] "GET /manual/fr/mod/mod_dbd.html HTTP/1.1" 200 7569 "-" "Mozilla/5.0 (Linux; Android 6.0.1; Nexus 5X Build/MMB29P) AppleWebKit/537.36 (KHTML, like Gecko) Chrome/80.0.3987.92 Mobile Safari/537.36 (compatible; Googlebot/2.1; +http://www.google.com/bot.html)"
66.249.69.248 - - [06/Aug/2020:15:36:24 -0400] "GET /manual/da/index.html HTTP/1.1" 200 2951 "-" "Mozilla/5.0 (Linux; Android 6.0.1; Nexus 5X Build/MMB29P) AppleWebKit/537.36 (KHTML, like Gecko) Chrome/80.0.3987.92 Mobile Safari/537.36 (compatible; Googlebot/2.1; +http://www.google.com/bot.html)"
66.249.69.248 - - [06/Aug/2020:15:36:36 -0400] "GET /manual/en/mod/mod_dbd.html HTTP/1.1" 200 6876 "-" "Mozilla/5.0 (Linux; Android 6.0.1; Nexus 5X Build/MMB29P) AppleWebKit/537.36 (KHTML, like Gecko) Chrome/80.0.3987.92 Mobile Safari/537.36 (compatible; Googlebot/2.1; +http://www.google.com/bot.html)"
66.249.69.248 - - [06/Aug/2020:15:43:48 -0400] "GET /manual/fr/mod/mod_authn_dbd.html HTTP/1.1" 200 5139 "-" "Mozilla/5.0 (Linux; Android 6.0.1; Nexus 5X Build/MMB29P) AppleWebKit/537.36 (KHTML, like Gecko) Chrome/80.0.3987.92 Mobile Safari/537.36 (compatible; Googlebot/2.1; +http://www.google.com/bot.html)"
66.249.69.250 - - [06/Aug/2020:15:51:00 -0400] "GET /manual/fr/mod/mod_lua.html HTTP/1.1" 200 24419 "-" "Mozilla/5.0 (Linux; Android 6.0.1; Nexus 5X Build/MMB29P) AppleWebKit/537.36 (KHTML, like Gecko) Chrome/80.0.3987.92 Mobile Safari/537.36 (compatible; Googlebot/2.1; +http://www.google.com/bot.html)"
37.49.224.168 - - [06/Aug/2020:15:54:05 -0400] "GET / HTTP/1.1" 500 800 "http://23.24.96.17:80/left.html" "Mozilla/5.0 (X11; Ubuntu; Linux x86_64; rv:77.0) Gecko/20100101 Firefox/77.0"
88.135.80.191 - - [06/Aug/2020:16:03:47 -0400] "GET / HTTP/1.1" 500 800 "-" "Mozilla/5.0 (Windows NT 10.0; WOW64) AppleWebKit/537.36 (KHTML, like Gecko) Chrome/51.0.2704.103 Safari/537.36"
80.82.78.85 - - [06/Aug/2020:16:19:47 -0400] "GET / HTTP/1.1" 500 800 "-" "Mozilla/5.0 (X11; Ubuntu; Linux x86_64; rv:76.0) Gecko/20100101 Firefox/76.0"
138.255.12.45 - - [06/Aug/2020:16:22:30 -0400] "GET / HTTP/1.1" 500 800 "-" "Mozilla/5.0 (Windows NT 6.1; WOW64) AppleWebKit/537.36 (KHTML, like Gecko) Chrome/51.0.2704.103 Safari/537.36"
177.38.1.13 - - [06/Aug/2020:16:30:13 -0400] "GET / HTTP/1.1" 500 800 "-" "Mozilla/5.0 (Windows NT 6.1; WOW64) AppleWebKit/537.36 (KHTML, like Gecko) Chrome/52.0.2743.116 Safari/537.36"
122.51.15.207 - - [06/Aug/2020:16:46:25 -0400] "GET /TP/public/index.php HTTP/1.1" 500 800 "-" "Mozilla/5.0 (Windows; U; Windows NT 6.0;en-US; rv:1.9.2) Gecko/20100115 Firefox/3.6)"
122.51.15.207 - - [06/Aug/2020:16:46:25 -0400] "GET /TP/index.php HTTP/1.1" 500 800 "-" "Mozilla/5.0 (Windows; U; Windows NT 6.0;en-US; rv:1.9.2) Gecko/20100115 Firefox/3.6)"
122.51.15.207 - - [06/Aug/2020:16:46:25 -0400] "GET /thinkphp/html/public/index.php HTTP/1.1" 500 800 "-" "Mozilla/5.0 (Windows; U; Windows NT 6.0;en-US; rv:1.9.2) Gecko/20100115 Firefox/3.6)"
122.51.15.207 - - [06/Aug/2020:16:46:26 -0400] "GET /html/public/index.php HTTP/1.1" 500 800 "-" "Mozilla/5.0 (Windows; U; Windows NT 6.0;en-US; rv:1.9.2) Gecko/20100115 Firefox/3.6)"
122.51.15.207 - - [06/Aug/2020:16:46:26 -0400] "GET /public/index.php HTTP/1.1" 500 800 "-" "Mozilla/5.0 (Windows; U; Windows NT 6.0;en-US; rv:1.9.2) Gecko/20100115 Firefox/3.6)"
122.51.15.207 - - [06/Aug/2020:16:46:27 -0400] "GET /TP/html/public/index.php HTTP/1.1" 500 800 "-" "Mozilla/5.0 (Windows; U; Windows NT 6.0;en-US; rv:1.9.2) Gecko/20100115 Firefox/3.6)"
122.51.15.207 - - [06/Aug/2020:16:46:27 -0400] "GET /elrekt.php HTTP/1.1" 500 800 "-" "Mozilla/5.0 (Windows; U; Windows NT 6.0;en-US; rv:1.9.2) Gecko/20100115 Firefox/3.6)"
122.51.15.207 - - [06/Aug/2020:16:46:28 -0400] "GET /index.php HTTP/1.1" 500 800 "-" "Mozilla/5.0 (Windows; U; Windows NT 6.0;en-US; rv:1.9.2) Gecko/20100115 Firefox/3.6)"
122.51.15.207 - - [06/Aug/2020:16:46:28 -0400] "GET / HTTP/1.1" 500 800 "-" "Mozilla/5.0 (Windows; U; Windows NT 6.0;en-US; rv:1.9.2) Gecko/20100115 Firefox/3.6)"
66.249.69.145 - - [06/Aug/2020:16:54:45 -0400] "GET /robots.txt HTTP/1.1" 500 805 "-" "Mozilla/5.0 (compatible; Googlebot/2.1; +http://www.google.com/bot.html)"
185.81.157.189 - - [06/Aug/2020:17:50:08 -0400] "GET /wordpress/wp-admin/install.php HTTP/1.1" 500 805 "-" "Python-urllib/2.7"
192.241.232.168 - - [06/Aug/2020:17:59:53 -0400] "GET /hudson HTTP/1.1" 500 800 "-" "Mozilla/5.0 zgrab/0.x"
66.249.69.250 - - [06/Aug/2020:18:14:40 -0400] "GET /manual/ko/index.html HTTP/1.1" 200 3043 "-" "Mozilla/5.0 (Linux; Android 6.0.1; Nexus 5X Build/MMB29P) AppleWebKit/537.36 (KHTML, like Gecko) Chrome/80.0.3987.92 Mobile Safari/537.36 (compatible; Googlebot/2.1; +http://www.google.com/bot.html)"
66.249.69.246 - - [06/Aug/2020:19:24:39 -0400] "GET /manual/en/index.html HTTP/1.1" 200 2953 "-" "Mozilla/5.0 (Linux; Android 6.0.1; Nexus 5X Build/MMB29P) AppleWebKit/537.36 (KHTML, like Gecko) Chrome/80.0.3987.92 Mobile Safari/537.36 (compatible; Googlebot/2.1; +http://www.google.com/bot.html)"
45.7.103.246 - - [06/Aug/2020:19:28:44 -0400] "GET / HTTP/1.1" 500 800 "-" "Mozilla/5.0 (Windows NT 6.1; WOW64) AppleWebKit/537.36 (KHTML, like Gecko) Chrome/52.0.2743.116 Safari/537.36"
35.190.142.196 - - [06/Aug/2020:20:19:20 -0400] "GET /robots.txt HTTP/1.0" 500 809 "-" "ZoominfoBot (zoominfobot at zoominfo dot com)"
35.190.142.196 - - [06/Aug/2020:20:19:20 -0400] "GET / HTTP/1.0" 500 809 "-" "ZoominfoBot (zoominfobot at zoominfo dot com)"
35.190.142.196 - - [06/Aug/2020:20:29:23 -0400] "GET /robots.txt HTTP/1.0" 500 805 "-" "ZoominfoBot (zoominfobot at zoominfo dot com)"
35.190.142.196 - - [06/Aug/2020:20:29:23 -0400] "GET / HTTP/1.0" 500 805 "-" "ZoominfoBot (zoominfobot at zoominfo dot com)"
213.95.149.22 - - [06/Aug/2020:20:33:50 -0400] "GET / HTTP/1.1" 500 805 "-" "Mozilla/5.0 (X11; Linux x86_64) AppleWebKit/537.36 (KHTML, like Gecko) Chrome/71.0.3563.0 Safari/537.36"
66.249.69.246 - - [06/Aug/2020:20:48:08 -0400] "GET /manual/fr/index.html HTTP/1.1" 200 3157 "-" "Mozilla/5.0 (Linux; Android 6.0.1; Nexus 5X Build/MMB29P) AppleWebKit/537.36 (KHTML, like Gecko) Chrome/80.0.3987.92 Mobile Safari/537.36 (compatible; Googlebot/2.1; +http://www.google.com/bot.html)"
196.52.43.66 - - [06/Aug/2020:21:05:53 -0400] "GET / HTTP/1.0" 500 800 "-" "Mozilla/5.0 (X11; Linux x86_64) AppleWebKit/537.36 (KHTML, like Gecko) Chrome/72.0.3602.2 Safari/537.36"
66.249.69.145 - - [06/Aug/2020:21:19:26 -0400] "GET /robots.txt HTTP/1.1" 500 805 "-" "Mozilla/5.0 (compatible; Googlebot/2.1; +http://www.google.com/bot.html)"
66.249.69.145 - - [06/Aug/2020:21:22:28 -0400] "GET /robots.txt HTTP/1.1" 500 805 "-" "Mozilla/5.0 (compatible; Googlebot/2.1; +http://www.google.com/bot.html)"
66.249.69.246 - - [06/Aug/2020:21:23:42 -0400] "GET /manual/tr/filter.html HTTP/1.1" 200 4919 "-" "Mozilla/5.0 (Linux; Android 6.0.1; Nexus 5X Build/MMB29P) AppleWebKit/537.36 (KHTML, like Gecko) Chrome/80.0.3987.92 Mobile Safari/537.36 (compatible; Googlebot/2.1; +http://www.google.com/bot.html)"
66.249.69.246 - - [06/Aug/2020:21:24:00 -0400] "GET /manual/de/mpm.html HTTP/1.1" 200 4143 "-" "Mozilla/5.0 (Linux; Android 6.0.1; Nexus 5X Build/MMB29P) AppleWebKit/537.36 (KHTML, like Gecko) Chrome/80.0.3987.92 Mobile Safari/537.36 (compatible; Googlebot/2.1; +http://www.google.com/bot.html)"
66.249.69.248 - - [06/Aug/2020:21:25:03 -0400] "GET /manual/ko/filter.html HTTP/1.1" 200 3119 "-" "Mozilla/5.0 (Linux; Android 6.0.1; Nexus 5X Build/MMB29P) AppleWebKit/537.36 (KHTML, like Gecko) Chrome/80.0.3987.92 Mobile Safari/537.36 (compatible; Googlebot/2.1; +http://www.google.com/bot.html)"
66.249.69.246 - - [06/Aug/2020:21:25:21 -0400] "GET /manual/fr/suexec.html HTTP/1.1" 200 9921 "-" "Mozilla/5.0 (Linux; Android 6.0.1; Nexus 5X Build/MMB29P) AppleWebKit/537.36 (KHTML, like Gecko) Chrome/80.0.3987.92 Mobile Safari/537.36 (compatible; Googlebot/2.1; +http://www.google.com/bot.html)"
66.249.69.246 - - [06/Aug/2020:21:25:32 -0400] "GET /manual/tr/sitemap.html HTTP/1.1" 200 6035 "-" "Mozilla/5.0 (Linux; Android 6.0.1; Nexus 5X Build/MMB29P) AppleWebKit/537.36 (KHTML, like Gecko) Chrome/80.0.3987.92 Mobile Safari/537.36 (compatible; Googlebot/2.1; +http://www.google.com/bot.html)"
66.249.69.145 - - [06/Aug/2020:21:25:40 -0400] "GET /robots.txt HTTP/1.1" 500 805 "-" "Mozilla/5.0 (compatible; Googlebot/2.1; +http://www.google.com/bot.html)"
66.249.69.246 - - [06/Aug/2020:21:25:53 -0400] "GET /manual/fr/handler.html HTTP/1.1" 200 4327 "-" "Mozilla/5.0 (Linux; Android 6.0.1; Nexus 5X Build/MMB29P) AppleWebKit/537.36 (KHTML, like Gecko) Chrome/80.0.3987.92 Mobile Safari/537.36 (compatible; Googlebot/2.1; +http://www.google.com/bot.html)"
66.249.69.246 - - [06/Aug/2020:21:26:01 -0400] "GET /manual/es/glossary.html HTTP/1.1" 200 10371 "-" "Mozilla/5.0 (Linux; Android 6.0.1; Nexus 5X Build/MMB29P) AppleWebKit/537.36 (KHTML, like Gecko) Chrome/80.0.3987.92 Mobile Safari/537.36 (compatible; Googlebot/2.1; +http://www.google.com/bot.html)"
66.249.69.250 - - [06/Aug/2020:21:27:39 -0400] "GET /manual/tr/suexec.html HTTP/1.1" 200 9275 "-" "Mozilla/5.0 (Linux; Android 6.0.1; Nexus 5X Build/MMB29P) AppleWebKit/537.36 (KHTML, like Gecko) Chrome/80.0.3987.92 Mobile Safari/537.36 (compatible; Googlebot/2.1; +http://www.google.com/bot.html)"
66.249.69.145 - - [06/Aug/2020:21:29:02 -0400] "GET /robots.txt HTTP/1.1" 500 805 "-" "Mozilla/5.0 (compatible; Googlebot/2.1; +http://www.google.com/bot.html)"
66.249.69.248 - - [06/Aug/2020:21:29:42 -0400] "GET /manual/ko/stopping.html HTTP/1.1" 200 5797 "-" "Mozilla/5.0 (Linux; Android 6.0.1; Nexus 5X Build/MMB29P) AppleWebKit/537.36 (KHTML, like Gecko) Chrome/80.0.3987.92 Mobile Safari/537.36 (compatible; Googlebot/2.1; +http://www.google.com/bot.html)"
66.249.69.246 - - [06/Aug/2020:21:29:48 -0400] "GET /manual/ko/dns-caveats.html HTTP/1.1" 200 5289 "-" "Mozilla/5.0 (Linux; Android 6.0.1; Nexus 5X Build/MMB29P) AppleWebKit/537.36 (KHTML, like Gecko) Chrome/80.0.3987.92 Mobile Safari/537.36 (compatible; Googlebot/2.1; +http://www.google.com/bot.html)"
66.249.69.248 - - [06/Aug/2020:21:29:52 -0400] "GET /manual/es/filter.html HTTP/1.1" 200 5131 "-" "Mozilla/5.0 (Linux; Android 6.0.1; Nexus 5X Build/MMB29P) AppleWebKit/537.36 (KHTML, like Gecko) Chrome/80.0.3987.92 Mobile Safari/537.36 (compatible; Googlebot/2.1; +http://www.google.com/bot.html)"
66.249.69.246 - - [06/Aug/2020:21:30:26 -0400] "GET /manual/fr/configuring.html HTTP/1.1" 200 5726 "-" "Mozilla/5.0 (Linux; Android 6.0.1; Nexus 5X Build/MMB29P) AppleWebKit/537.36 (KHTML, like Gecko) Chrome/80.0.3987.92 Mobile Safari/537.36 (compatible; Googlebot/2.1; +http://www.google.com/bot.html)"
66.249.69.248 - - [06/Aug/2020:21:31:10 -0400] "GET /manual/de/configuring.html HTTP/1.1" 200 5115 "-" "Mozilla/5.0 (Linux; Android 6.0.1; Nexus 5X Build/MMB29P) AppleWebKit/537.36 (KHTML, like Gecko) Chrome/80.0.3987.92 Mobile Safari/537.36 (compatible; Googlebot/2.1; +http://www.google.com/bot.html)"
66.249.69.246 - - [06/Aug/2020:21:32:01 -0400] "GET /manual/de/mod/beos.html HTTP/1.1" 404 499 "-" "Mozilla/5.0 (Linux; Android 6.0.1; Nexus 5X Build/MMB29P) AppleWebKit/537.36 (KHTML, like Gecko) Chrome/80.0.3987.92 Mobile Safari/537.36 (compatible; Googlebot/2.1; +http://www.google.com/bot.html)"
66.249.69.145 - - [06/Aug/2020:21:32:13 -0400] "GET /robots.txt HTTP/1.1" 500 805 "-" "Mozilla/5.0 (compatible; Googlebot/2.1; +http://www.google.com/bot.html)"
66.249.69.248 - - [06/Aug/2020:21:33:03 -0400] "GET /manual/de/glossary.html HTTP/1.1" 200 10640 "-" "Mozilla/5.0 (Linux; Android 6.0.1; Nexus 5X Build/MMB29P) AppleWebKit/537.36 (KHTML, like Gecko) Chrome/80.0.3987.92 Mobile Safari/537.36 (compatible; Googlebot/2.1; +http://www.google.com/bot.html)"
34.74.88.239 - - [06/Aug/2020:21:33:55 -0400] "GET /robots.txt HTTP/1.0" 500 809 "-" "ZoominfoBot (zoominfobot at zoominfo dot com)"
34.74.88.239 - - [06/Aug/2020:21:33:55 -0400] "GET / HTTP/1.0" 500 809 "-" "ZoominfoBot (zoominfobot at zoominfo dot com)"
66.249.69.250 - - [06/Aug/2020:21:34:11 -0400] "GET /manual/fr/developer/API.html HTTP/1.1" 200 19545 "-" "Mozilla/5.0 (Linux; Android 6.0.1; Nexus 5X Build/MMB29P) AppleWebKit/537.36 (KHTML, like Gecko) Chrome/80.0.3987.92 Mobile Safari/537.36 (compatible; Googlebot/2.1; +http://www.google.com/bot.html)"
66.249.69.248 - - [06/Aug/2020:21:34:21 -0400] "GET /manual/tr/mod/mod_ssl.html HTTP/1.1" 200 35630 "-" "Mozilla/5.0 (Linux; Android 6.0.1; Nexus 5X Build/MMB29P) AppleWebKit/537.36 (KHTML, like Gecko) Chrome/80.0.3987.92 Mobile Safari/537.36 (compatible; Googlebot/2.1; +http://www.google.com/bot.html)"
66.249.69.246 - - [06/Aug/2020:21:34:34 -0400] "GET /manual/fr/mod/mod_info.html HTTP/1.1" 200 5129 "-" "Mozilla/5.0 (Linux; Android 6.0.1; Nexus 5X Build/MMB29P) AppleWebKit/537.36 (KHTML, like Gecko) Chrome/80.0.3987.92 Mobile Safari/537.36 (compatible; Googlebot/2.1; +http://www.google.com/bot.html)"
66.249.69.246 - - [06/Aug/2020:21:34:47 -0400] "GET /manual/fr/mod/mod_asis.html HTTP/1.1" 200 3761 "-" "Mozilla/5.0 (Linux; Android 6.0.1; Nexus 5X Build/MMB29P) AppleWebKit/537.36 (KHTML, like Gecko) Chrome/80.0.3987.92 Mobile Safari/537.36 (compatible; Googlebot/2.1; +http://www.google.com/bot.html)"
66.249.69.250 - - [06/Aug/2020:21:35:02 -0400] "GET /manual/tr/mod/mod_sed.html HTTP/1.1" 200 3846 "-" "Mozilla/5.0 (Linux; Android 6.0.1; Nexus 5X Build/MMB29P) AppleWebKit/537.36 (KHTML, like Gecko) Chrome/80.0.3987.92 Mobile Safari/537.36 (compatible; Googlebot/2.1; +http://www.google.com/bot.html)"
66.249.69.246 - - [06/Aug/2020:21:35:15 -0400] "GET /manual/tr/mod/mod_filter.html HTTP/1.1" 200 8395 "-" "Mozilla/5.0 (Linux; Android 6.0.1; Nexus 5X Build/MMB29P) AppleWebKit/537.36 (KHTML, like Gecko) Chrome/80.0.3987.92 Mobile Safari/537.36 (compatible; Googlebot/2.1; +http://www.google.com/bot.html)"
66.249.69.246 - - [06/Aug/2020:21:35:35 -0400] "GET /manual/tr/mod/mod_data.html HTTP/1.1" 200 3362 "-" "Mozilla/5.0 (Linux; Android 6.0.1; Nexus 5X Build/MMB29P) AppleWebKit/537.36 (KHTML, like Gecko) Chrome/80.0.3987.92 Mobile Safari/537.36 (compatible; Googlebot/2.1; +http://www.google.com/bot.html)"
66.249.69.248 - - [06/Aug/2020:21:36:36 -0400] "GET /manual/tr/mod/mod_buffer.html HTTP/1.1" 200 3588 "-" "Mozilla/5.0 (Linux; Android 6.0.1; Nexus 5X Build/MMB29P) AppleWebKit/537.36 (KHTML, like Gecko) Chrome/80.0.3987.92 Mobile Safari/537.36 (compatible; Googlebot/2.1; +http://www.google.com/bot.html)"
66.249.69.248 - - [06/Aug/2020:21:39:40 -0400] "GET /manual/tr/mod/mod_xml2enc.html HTTP/1.1" 200 5072 "-" "Mozilla/5.0 (Linux; Android 6.0.1; Nexus 5X Build/MMB29P) AppleWebKit/537.36 (KHTML, like Gecko) Chrome/80.0.3987.92 Mobile Safari/537.36 (compatible; Googlebot/2.1; +http://www.google.com/bot.html)"
34.74.88.239 - - [06/Aug/2020:21:42:33 -0400] "GET /robots.txt HTTP/1.0" 500 805 "-" "ZoominfoBot (zoominfobot at zoominfo dot com)"
34.74.88.239 - - [06/Aug/2020:21:42:33 -0400] "GET / HTTP/1.0" 500 805 "-" "ZoominfoBot (zoominfobot at zoominfo dot com)"
66.249.69.250 - - [06/Aug/2020:21:43:48 -0400] "GET /manual/en/developer/API.html HTTP/1.1" 200 19545 "-" "Mozilla/5.0 (Linux; Android 6.0.1; Nexus 5X Build/MMB29P) AppleWebKit/537.36 (KHTML, like Gecko) Chrome/80.0.3987.92 Mobile Safari/537.36 (compatible; Googlebot/2.1; +http://www.google.com/bot.html)"
66.249.69.248 - - [06/Aug/2020:21:51:01 -0400] "GET /manual/ja/content-negotiation.html HTTP/1.1" 200 12271 "-" "Mozilla/5.0 (Linux; Android 6.0.1; Nexus 5X Build/MMB29P) AppleWebKit/537.36 (KHTML, like Gecko) Chrome/80.0.3987.92 Mobile Safari/537.36 (compatible; Googlebot/2.1; +http://www.google.com/bot.html)"
192.99.31.122 - - [06/Aug/2020:21:51:01 -0400] "GET /wp-login.php HTTP/1.1" 500 831 "-" "Mozilla/5.0 (X11; Ubuntu; Linux x86_64; rv:62.0) Gecko/20100101 Firefox/62.0"
66.249.69.250 - - [06/Aug/2020:21:55:20 -0400] "GET /manual/en/filter.html HTTP/1.1" 200 4568 "-" "Mozilla/5.0 (Linux; Android 6.0.1; Nexus 5X Build/MMB29P) AppleWebKit/537.36 (KHTML, like Gecko) Chrome/80.0.3987.92 Mobile Safari/537.36 (compatible; Googlebot/2.1; +http://www.google.com/bot.html)"
66.249.69.248 - - [06/Aug/2020:21:58:16 -0400] "GET /manual/tr/content-negotiation.html HTTP/1.1" 200 11664 "-" "Mozilla/5.0 (Linux; Android 6.0.1; Nexus 5X Build/MMB29P) AppleWebKit/537.36 (KHTML, like Gecko) Chrome/80.0.3987.92 Mobile Safari/537.36 (compatible; Googlebot/2.1; +http://www.google.com/bot.html)"
66.249.69.250 - - [06/Aug/2020:22:05:24 -0400] "GET /manual/en/mod/mod_xml2enc.html HTTP/1.1" 200 5072 "-" "Mozilla/5.0 (Linux; Android 6.0.1; Nexus 5X Build/MMB29P) AppleWebKit/537.36 (KHTML, like Gecko) Chrome/80.0.3987.92 Mobile Safari/537.36 (compatible; Googlebot/2.1; +http://www.google.com/bot.html)"
66.249.69.246 - - [06/Aug/2020:22:12:36 -0400] "GET /manual/en/mod/mod_proxy_html.html HTTP/1.1" 200 8500 "-" "Mozilla/5.0 (Linux; Android 6.0.1; Nexus 5X Build/MMB29P) AppleWebKit/537.36 (KHTML, like Gecko) Chrome/80.0.3987.92 Mobile Safari/537.36 (compatible; Googlebot/2.1; +http://www.google.com/bot.html)"
186.96.254.138 - - [06/Aug/2020:22:12:53 -0400] "GET / HTTP/1.1" 500 800 "-" "Mozilla/5.0 (Windows NT 10.0; WOW64) AppleWebKit/537.36 (KHTML, like Gecko) Chrome/52.0.2743.116 Safari/537.36"
180.149.125.153 - - [06/Aug/2020:22:15:23 -0400] "GET / HTTP/1.1" 500 800 "-" "Mozilla/5.0 (Macintosh; Intel Mac OS X 10_15_3) AppleWebKit/605.1.15 (KHTML, like Gecko) Version/13.0.5 Safari/605.1.15"
66.249.69.147 - - [06/Aug/2020:22:19:49 -0400] "GET /robots.txt HTTP/1.1" 500 805 "-" "Mozilla/5.0 (compatible; Googlebot/2.1; +http://www.google.com/bot.html)"
66.249.69.145 - - [06/Aug/2020:22:27:00 -0400] "GET /robots.txt HTTP/1.1" 500 805 "-" "Mozilla/5.0 (compatible; Googlebot/2.1; +http://www.google.com/bot.html)"
173.79.18.195 - - [06/Aug/2020:22:31:28 -0400] "GET / HTTP/1.1" 500 805 "-" "Mozilla/5.0 (X11; Linux x86_64) AppleWebKit/537.36 (KHTML, like Gecko) Chrome/80.0.3987.162 Safari/537.36"
173.79.18.195 - - [06/Aug/2020:22:32:19 -0400] "-" 408 0 "-" "-"
173.79.18.195 - - [06/Aug/2020:22:32:19 -0400] "-" 408 0 "-" "-"
66.249.69.145 - - [06/Aug/2020:22:34:13 -0400] "GET /robots.txt HTTP/1.1" 500 805 "-" "Mozilla/5.0 (compatible; Googlebot/2.1; +http://www.google.com/bot.html)"
170.254.151.218 - - [06/Aug/2020:22:39:47 -0400] "GET / HTTP/1.1" 500 800 "-" "Mozilla/5.0 (Windows NT 10.0; WOW64) AppleWebKit/537.36 (KHTML, like Gecko) Chrome/52.0.2743.116 Safari/537.36"
66.249.69.145 - - [06/Aug/2020:22:41:24 -0400] "GET /robots.txt HTTP/1.1" 500 805 "-" "Mozilla/5.0 (compatible; Googlebot/2.1; +http://www.google.com/bot.html)"
66.249.69.145 - - [06/Aug/2020:22:48:37 -0400] "GET /robots.txt HTTP/1.1" 500 805 "-" "Mozilla/5.0 (compatible; Googlebot/2.1; +http://www.google.com/bot.html)"
66.249.69.145 - - [06/Aug/2020:22:55:48 -0400] "GET /robots.txt HTTP/1.1" 500 805 "-" "Mozilla/5.0 (compatible; Googlebot/2.1; +http://www.google.com/bot.html)"
89.248.174.166 - - [06/Aug/2020:23:02:27 -0400] "GET / HTTP/1.1" 500 800 "-" "Mozilla/5.0 zgrab/0.x"
173.79.18.195 - - [06/Aug/2020:23:02:44 -0400] "GET / HTTP/1.1" 500 805 "-" "Mozilla/5.0 (X11; Linux x86_64) AppleWebKit/537.36 (KHTML, like Gecko) Chrome/80.0.3987.162 Safari/537.36"
66.249.69.145 - - [06/Aug/2020:23:03:01 -0400] "GET /robots.txt HTTP/1.1" 500 805 "-" "Mozilla/5.0 (compatible; Googlebot/2.1; +http://www.google.com/bot.html)"
173.79.18.195 - - [06/Aug/2020:23:03:35 -0400] "-" 408 0 "-" "-"
173.79.18.195 - - [06/Aug/2020:23:03:35 -0400] "-" 408 0 "-" "-"
66.249.69.145 - - [06/Aug/2020:23:10:12 -0400] "GET /robots.txt HTTP/1.1" 500 805 "-" "Mozilla/5.0 (compatible; Googlebot/2.1; +http://www.google.com/bot.html)"
173.79.18.195 - - [06/Aug/2020:23:11:10 -0400] "GET / HTTP/1.1" 500 805 "-" "Mozilla/5.0 (X11; Linux x86_64) AppleWebKit/537.36 (KHTML, like Gecko) Chrome/80.0.3987.162 Safari/537.36"
173.79.18.195 - - [06/Aug/2020:23:11:14 -0400] "GET / HTTP/1.1" 500 805 "-" "Mozilla/5.0 (X11; Linux x86_64) AppleWebKit/537.36 (KHTML, like Gecko) Chrome/80.0.3987.162 Safari/537.36"
173.79.18.195 - - [06/Aug/2020:23:12:05 -0400] "-" 408 0 "-" "-"
173.79.18.195 - - [06/Aug/2020:23:13:18 -0400] "GET / HTTP/1.1" 500 477 "-" "Mozilla/5.0 (X11; Linux x86_64) AppleWebKit/537.36 (KHTML, like Gecko) Chrome/80.0.3987.162 Safari/537.36"
173.79.18.195 - - [06/Aug/2020:23:14:09 -0400] "-" 408 0 "-" "-"
66.249.69.145 - - [06/Aug/2020:23:14:42 -0400] "GET /robots.txt HTTP/1.1" 404 444 "-" "Mozilla/5.0 (compatible; Googlebot/2.1; +http://www.google.com/bot.html)"
